// Vitest Snapshot v1, https://vitest.dev/guide/snapshot.html

exports[`RequiredFieldIndicator Component > Snapshot > matches snapshot 1`] = `"<div class="text-xs text-gray-500 dark:text-gray-400 mt-4 flex items-center"><i class="iconify-icon text-xs mr-1" name="fa6-solid:asterisk" aria-hidden="true"></i> Los campos marcados con * son obligatorios</div>"`;
